{
  "version": "1.5.0",
  "plugins_used": [
    {
      "name": "ArtifactoryDetector"
    },
    {
      "name": "AWSKeyDetector"
    },
    {
      "name": "AzureStorageKeyDetector"
    },
    {
      "name": "Base64HighEntropyString",
      "limit": 4.5
    },
    {
      "name": "BasicAuthDetector"
    },
    {
      "name": "CloudantDetector"
    },
    {
      "name": "DiscordBotTokenDetector"
    },
    {
      "name": "GitHubTokenDetector"
    },
    {
      "name": "GitLabTokenDetector"
    },
    {
      "name": "HexHighEntropyString",
      "limit": 3.0
    },
    {
      "name": "IbmCloudIamDetector"
    },
    {
      "name": "IbmCosHmacDetector"
    },
    {
      "name": "IPPublicDetector"
    },
    {
      "name": "JwtTokenDetector"
    },
    {
      "name": "KeywordDetector",
      "keyword_exclude": ""
    },
    {
      "name": "MailchimpDetector"
    },
    {
      "name": "NpmDetector"
    },
    {
      "name": "OpenAIDetector"
    },
    {
      "name": "PrivateKeyDetector"
    },
    {
      "name": "PypiTokenDetector"
    },
    {
      "name": "SendGridDetector"
    },
    {
      "name": "SlackDetector"
    },
    {
      "name": "SoftlayerDetector"
    },
    {
      "name": "SquareOAuthDetector"
    },
    {
      "name": "StripeDetector"
    },
    {
      "name": "TelegramBotTokenDetector"
    },
    {
      "name": "TwilioKeyDetector"
    }
  ],
  "filters_used": [
    {
      "path": "detect_secrets.filters.allowlist.is_line_allowlisted"
    },
    {
      "path": "detect_secrets.filters.common.is_baseline_file",
      "filename": ".secrets.baseline"
    },
    {
      "path": "detect_secrets.filters.common.is_ignored_due_to_verification_policies",
      "min_level": 2
    },
    {
      "path": "detect_secrets.filters.heuristic.is_indirect_reference"
    },
    {
      "path": "detect_secrets.filters.heuristic.is_likely_id_string"
    },
    {
      "path": "detect_secrets.filters.heuristic.is_lock_file"
    },
    {
      "path": "detect_secrets.filters.heuristic.is_not_alphanumeric_string"
    },
    {
      "path": "detect_secrets.filters.heuristic.is_potential_uuid"
    },
    {
      "path": "detect_secrets.filters.heuristic.is_prefixed_with_dollar_sign"
    },
    {
      "path": "detect_secrets.filters.heuristic.is_sequential_string"
    },
    {
      "path": "detect_secrets.filters.heuristic.is_swagger_file"
    },
    {
      "path": "detect_secrets.filters.heuristic.is_templated_secret"
    }
  ],
  "results": {
    "notebooks\\01_credit_portfolio_eda.ipynb": [
      {
        "type": "Base64 High Entropy String",
        "filename": "notebooks\\01_credit_portfolio_eda.ipynb",
        "hashed_secret": "a8b95b9b05ba4aab5db1f7ab1cd6d97db2e08468",
        "is_verified": false,
        "line_number": 295
      },
      {
        "type": "Base64 High Entropy String",
        "filename": "notebooks\\01_credit_portfolio_eda.ipynb",
        "hashed_secret": "7f423b5fd5dcf295376cc5c75807bd613ab323cd",
        "is_verified": false,
        "line_number": 354
      },
      {
        "type": "Base64 High Entropy String",
        "filename": "notebooks\\01_credit_portfolio_eda.ipynb",
        "hashed_secret": "c8e26de5278a3e0186d957facb554c57f67bcad5",
        "is_verified": false,
        "line_number": 405
      },
      {
        "type": "Base64 High Entropy String",
        "filename": "notebooks\\01_credit_portfolio_eda.ipynb",
        "hashed_secret": "4c7a750342cb3467baef322487807c9b62559dff",
        "is_verified": false,
        "line_number": 474
      },
      {
        "type": "Base64 High Entropy String",
        "filename": "notebooks\\01_credit_portfolio_eda.ipynb",
        "hashed_secret": "429f20c7fc8c06d3a8972ad277e36ff9f330e54a",
        "is_verified": false,
        "line_number": 529
      },
      {
        "type": "Base64 High Entropy String",
        "filename": "notebooks\\01_credit_portfolio_eda.ipynb",
        "hashed_secret": "2cf3000689f21dff539361bca9f66b6f55ec07a2",
        "is_verified": false,
        "line_number": 584
      },
      {
        "type": "Base64 High Entropy String",
        "filename": "notebooks\\01_credit_portfolio_eda.ipynb",
        "hashed_secret": "2a4620e4b93952329a9b29ae959f007dac021a9e",
        "is_verified": false,
        "line_number": 636
      },
      {
        "type": "Base64 High Entropy String",
        "filename": "notebooks\\01_credit_portfolio_eda.ipynb",
        "hashed_secret": "9a777b3dd76c05b36a4856d5f82b1749e70eaabf",
        "is_verified": false,
        "line_number": 686
      },
      {
        "type": "Base64 High Entropy String",
        "filename": "notebooks\\01_credit_portfolio_eda.ipynb",
        "hashed_secret": "213566c2c73d61ccecdd5a2d9e421aaa62e36780",
        "is_verified": false,
        "line_number": 743
      },
      {
        "type": "Base64 High Entropy String",
        "filename": "notebooks\\01_credit_portfolio_eda.ipynb",
        "hashed_secret": "7d506c6aa1f8413ff57ad8e2dfe048fa7e8c5938",
        "is_verified": false,
        "line_number": 798
      },
      {
        "type": "Base64 High Entropy String",
        "filename": "notebooks\\01_credit_portfolio_eda.ipynb",
        "hashed_secret": "d9a2ba48d0a976e13bd87bcb31b39b964afd289f",
        "is_verified": false,
        "line_number": 863
      },
      {
        "type": "Base64 High Entropy String",
        "filename": "notebooks\\01_credit_portfolio_eda.ipynb",
        "hashed_secret": "8152ac44c69d4653560a14f114f774c3a5b06d97",
        "is_verified": false,
        "line_number": 913
      }
    ],
    "notebooks\\04_executive_credit_analysis.ipynb": [
      {
        "type": "Base64 High Entropy String",
        "filename": "notebooks\\04_executive_credit_analysis.ipynb",
        "hashed_secret": "e36112b336757826744b39633a329ffd754f32f2",
        "is_verified": false,
        "line_number": 188
      },
      {
        "type": "Base64 High Entropy String",
        "filename": "notebooks\\04_executive_credit_analysis.ipynb",
        "hashed_secret": "1f57fa24a5a658fdf5d47869fa0635458c7b17cd",
        "is_verified": false,
        "line_number": 236
      },
      {
        "type": "Base64 High Entropy String",
        "filename": "notebooks\\04_executive_credit_analysis.ipynb",
        "hashed_secret": "bab8017793f6dc6dd77eb4b4569a0db33ac28779",
        "is_verified": false,
        "line_number": 428
      },
      {
        "type": "Base64 High Entropy String",
        "filename": "notebooks\\04_executive_credit_analysis.ipynb",
        "hashed_secret": "5bad808b4bf8adfc3434f5a81eae28d6b4428892",
        "is_verified": false,
        "line_number": 477
      },
      {
        "type": "Base64 High Entropy String",
        "filename": "notebooks\\04_executive_credit_analysis.ipynb",
        "hashed_secret": "8db63cb3ba83aef2fa92e81bd52dc6f4702c8ee7",
        "is_verified": false,
        "line_number": 533
      },
      {
        "type": "Base64 High Entropy String",
        "filename": "notebooks\\04_executive_credit_analysis.ipynb",
        "hashed_secret": "ababfcf7e8c0ad859e5c33ebbe31970bb53889ec",
        "is_verified": false,
        "line_number": 591
      }
    ]
  },
  "generated_at": "2026-08-30T22:29:30Z"
}
